{
  "hpPixelContainment": {
    "baseline": {
      "100": {
        "coralPixels": 2024,
        "outsideTrack": 34
      },
      "50": {
        "coralPixels": 1014,
        "outsideTrack": 28
      },
      "10": {
        "coralPixels": 204,
        "outsideTrack": 43
      }
    },
    "polish": {
      "100": {
        "coralPixels": 2340,
        "outsideTrack": 0
      },
      "50": {
        "coralPixels": 1163,
        "outsideTrack": 0
      },
      "10": {
        "coralPixels": 203,
        "outsideTrack": 0
      }
    }
  },
  "guards": {
    "world-guard": {
      "identical": true,
      "differenceBounds": null
    },
    "player-silhouette": {
      "identical": true,
      "differenceBounds": null
    },
    "grunt-silhouette": {
      "identical": true,
      "differenceBounds": null
    }
  },
  "temporalSimulationIdentical": true,
  "performance": {
    "normal": {
      "baseline": {
        "drawCalls": 135,
        "triangles": 35236,
        "geometries": 66,
        "textures": 6
      },
      "phase4c": {
        "drawCalls": 135,
        "triangles": 35236,
        "geometries": 66,
        "textures": 6
      },
      "delta": {
        "drawCalls": 0,
        "triangles": 0,
        "geometries": 0,
        "textures": 0
      }
    },
    "mixed-threats": {
      "baseline": {
        "drawCalls": 149,
        "triangles": 39118,
        "geometries": 72,
        "textures": 9
      },
      "phase4c": {
        "drawCalls": 149,
        "triangles": 39186,
        "geometries": 72,
        "textures": 9
      },
      "delta": {
        "drawCalls": 0,
        "triangles": 68,
        "geometries": 0,
        "textures": 0
      }
    },
    "mixed-50": {
      "baseline": {
        "drawCalls": 164,
        "triangles": 49820,
        "geometries": 90,
        "textures": 11
      },
      "phase4c": {
        "drawCalls": 164,
        "triangles": 49340,
        "geometries": 90,
        "textures": 11
      },
      "delta": {
        "drawCalls": 0,
        "triangles": -480,
        "geometries": 0,
        "textures": 0
      }
    },
    "mixed-100": {
      "baseline": {
        "drawCalls": 185,
        "triangles": 89322,
        "geometries": 90,
        "textures": 11
      },
      "phase4c": {
        "drawCalls": 185,
        "triangles": 88362,
        "geometries": 90,
        "textures": 11
      },
      "delta": {
        "drawCalls": 0,
        "triangles": -960,
        "geometries": 0,
        "textures": 0
      }
    },
    "mixed-150": {
      "baseline": {
        "drawCalls": 204,
        "triangles": 128820,
        "geometries": 90,
        "textures": 11
      },
      "phase4c": {
        "drawCalls": 204,
        "triangles": 127380,
        "geometries": 90,
        "textures": 11
      },
      "delta": {
        "drawCalls": 0,
        "triangles": -1440,
        "geometries": 0,
        "textures": 0
      }
    },
    "mixed-200": {
      "baseline": {
        "drawCalls": 224,
        "triangles": 168320,
        "geometries": 90,
        "textures": 11
      },
      "phase4c": {
        "drawCalls": 224,
        "triangles": 166400,
        "geometries": 90,
        "textures": 11
      },
      "delta": {
        "drawCalls": 0,
        "triangles": -1920,
        "geometries": 0,
        "textures": 0
      }
    },
    "giants-two": {
      "baseline": {
        "drawCalls": 146,
        "triangles": 13020,
        "geometries": 90,
        "textures": 12
      },
      "phase4c": {
        "drawCalls": 146,
        "triangles": 13252,
        "geometries": 90,
        "textures": 12
      },
      "delta": {
        "drawCalls": 0,
        "triangles": 232,
        "geometries": 0,
        "textures": 0
      }
    }
  },
  "occupancy": {
    "baseline": {
      "player": {
        "width": 30.262916051217644,
        "height": 37.6062165915734,
        "bounds": {
          "min": [
            182.95232660519912,
            452.90387172021246
          ],
          "max": [
            213.21524265641676,
            490.51008831178586
          ]
        },
        "authoredCrown": 1.024999976158142
      },
      "grunt": {
        "width": 47.6840457064263,
        "height": 62.050280950319745,
        "bounds": {
          "min": [
            171.15797714678683,
            429.53489335175504
          ],
          "max": [
            218.84202285321314,
            491.5851743020748
          ]
        },
        "authoredCrown": 1.024999976158142
      },
      "heavy": {
        "width": 89.83104066538257,
        "height": 79.74845990720263,
        "bounds": {
          "min": [
            150.0844796673087,
            415.8009439045615
          ],
          "max": [
            239.91552033269127,
            495.54940381176414
          ]
        },
        "authoredCrown": 0.9900000095367432
      },
      "giant": {
        "width": 123.41951063313374,
        "height": 179.91168411017185,
        "bounds": {
          "min": [
            144.58660853642945,
            186.49213507658186
          ],
          "max": [
            268.0061191695632,
            366.4038191867537
          ]
        },
        "authoredCrown": 1.3550000190734863
      }
    },
    "phase4c": {
      "player": {
        "width": 30.262916051217644,
        "height": 37.6062165915734,
        "bounds": {
          "min": [
            182.95232660519912,
            452.90387172021246
          ],
          "max": [
            213.21524265641676,
            490.51008831178586
          ]
        },
        "authoredCrown": 1.024999976158142
      },
      "grunt": {
        "width": 47.6840457064263,
        "height": 62.050280950319745,
        "bounds": {
          "min": [
            171.15797714678683,
            429.53489335175504
          ],
          "max": [
            218.84202285321314,
            491.5851743020748
          ]
        },
        "authoredCrown": 1.024999976158142
      },
      "heavy": {
        "width": 89.83104066538257,
        "height": 81.0208637305069,
        "bounds": {
          "min": [
            150.0844796673087,
            414.52854008125723
          ],
          "max": [
            239.91552033269127,
            495.54940381176414
          ]
        },
        "authoredCrown": 0.9900000095367432
      },
      "giant": {
        "width": 123.41951063313374,
        "height": 179.91168411017185,
        "bounds": {
          "min": [
            144.58660853642945,
            186.49213507658186
          ],
          "max": [
            268.0061191695632,
            366.4038191867537
          ]
        },
        "authoredCrown": 1.3550000190734863
      }
    }
  },
  "browserErrors": []
}
